// Jest Snapshot v1, https://goo.gl/fbAQLP

exports[`OperaPool gas tests [ @skip-on-coverage ] Filled VolatilityOracle swaps dynamic fee large swap crossing several initialized ticks 1`] = `207313`;

exports[`OperaPool gas tests [ @skip-on-coverage ] Filled VolatilityOracle swaps dynamic fee small swap with filled volatilityOracle 1`] = `159539`;

exports[`OperaPool gas tests [ @skip-on-coverage ] Filled VolatilityOracle swaps dynamic fee small swap with filled volatilityOracle after 4h 1`] = `194977`;

exports[`OperaPool gas tests [ @skip-on-coverage ] Filled VolatilityOracle swaps dynamic fee small swap with filled volatilityOracle after 8h 1`] = `187763`;

exports[`OperaPool gas tests [ @skip-on-coverage ] Filled VolatilityOracle swaps dynamic fee small swap with filled volatilityOracle after 24h 1`] = `156028`;

exports[`OperaPool gas tests [ @skip-on-coverage ] Filled VolatilityOracle swaps static fee large swap crossing several initialized ticks 1`] = `204427`;

exports[`OperaPool gas tests [ @skip-on-coverage ] Filled VolatilityOracle swaps static fee small swap with filled volatilityOracle 1`] = `154382`;

exports[`OperaPool gas tests [ @skip-on-coverage ] Filled VolatilityOracle swaps static fee small swap with filled volatilityOracle after 4h 1`] = `187847`;

exports[`OperaPool gas tests [ @skip-on-coverage ] Filled VolatilityOracle swaps static fee small swap with filled volatilityOracle after 8h 1`] = `198781`;

exports[`OperaPool gas tests [ @skip-on-coverage ] Filled VolatilityOracle swaps static fee small swap with filled volatilityOracle after 24h 1`] = `153854`;

exports[`OperaPool gas tests [ @skip-on-coverage ] Positions #burn above current price burn when only position using ticks 1`] = `115281`;

exports[`OperaPool gas tests [ @skip-on-coverage ] Positions #burn above current price entire position burn but other positions are using the ticks 1`] = `108627`;

exports[`OperaPool gas tests [ @skip-on-coverage ] Positions #burn above current price partial position burn 1`] = `113427`;

exports[`OperaPool gas tests [ @skip-on-coverage ] Positions #burn around current price burn when only position using ticks 1`] = `125160`;

exports[`OperaPool gas tests [ @skip-on-coverage ] Positions #burn around current price entire position burn but other positions are using the ticks 1`] = `113035`;

exports[`OperaPool gas tests [ @skip-on-coverage ] Positions #burn around current price partial position burn 1`] = `117835`;

exports[`OperaPool gas tests [ @skip-on-coverage ] Positions #burn below current price burn when only position using ticks 1`] = `124718`;

exports[`OperaPool gas tests [ @skip-on-coverage ] Positions #burn below current price entire position burn but other positions are using the ticks 1`] = `109289`;

exports[`OperaPool gas tests [ @skip-on-coverage ] Positions #burn below current price partial position burn 1`] = `114089`;

exports[`OperaPool gas tests [ @skip-on-coverage ] Positions #collect close to worst case 1`] = `52521`;

exports[`OperaPool gas tests [ @skip-on-coverage ] Positions #collect close to worst case, two tokens 1`] = `70240`;

exports[`OperaPool gas tests [ @skip-on-coverage ] Positions #mint above current price add to position existing 1`] = `126222`;

exports[`OperaPool gas tests [ @skip-on-coverage ] Positions #mint above current price new position mint first in range 1`] = `280085`;

exports[`OperaPool gas tests [ @skip-on-coverage ] Positions #mint above current price second position in same range 1`] = `143322`;

exports[`OperaPool gas tests [ @skip-on-coverage ] Positions #mint around current price add to position existing 1`] = `151291`;

exports[`OperaPool gas tests [ @skip-on-coverage ] Positions #mint around current price new position mint first in range 1`] = `358199`;

exports[`OperaPool gas tests [ @skip-on-coverage ] Positions #mint around current price second position in same range 1`] = `168391`;

exports[`OperaPool gas tests [ @skip-on-coverage ] Positions #mint below current price add to position existing 1`] = `126791`;

exports[`OperaPool gas tests [ @skip-on-coverage ] Positions #mint below current price new position mint first in range 1`] = `354431`;

exports[`OperaPool gas tests [ @skip-on-coverage ] Positions #mint below current price second position in same range 1`] = `143891`;

exports[`OperaPool gas tests [ @skip-on-coverage ] Positions #poke best case 1`] = `61481`;

exports[`OperaPool gas tests [ @skip-on-coverage ] fee is off #swap #swapExact0For1 first swap in block moves tick, no initialized crossings 1`] = `148948`;

exports[`OperaPool gas tests [ @skip-on-coverage ] fee is off #swap #swapExact0For1 first swap in block with no tick movement 1`] = `148917`;

exports[`OperaPool gas tests [ @skip-on-coverage ] fee is off #swap #swapExact0For1 first swap in block with no tick movement, static fee 1`] = `149644`;

exports[`OperaPool gas tests [ @skip-on-coverage ] fee is off #swap #swapExact0For1 first swap in block, large swap crossing a single initialized tick 1`] = `165456`;

exports[`OperaPool gas tests [ @skip-on-coverage ] fee is off #swap #swapExact0For1 first swap in block, large swap crossing several initialized ticks 1`] = `198850`;

exports[`OperaPool gas tests [ @skip-on-coverage ] fee is off #swap #swapExact0For1 first swap in block, large swap, no initialized crossings 1`] = `149015`;

exports[`OperaPool gas tests [ @skip-on-coverage ] fee is off #swap #swapExact0For1 large swap crossing several initialized ticks after some time passes 1`] = `198850`;

exports[`OperaPool gas tests [ @skip-on-coverage ] fee is off #swap #swapExact0For1 large swap crossing several initialized ticks second time after some time passes 1`] = `218050`;

exports[`OperaPool gas tests [ @skip-on-coverage ] fee is off #swap #swapExact0For1 second swap in block moves tick, no initialized crossings 1`] = `113415`;

exports[`OperaPool gas tests [ @skip-on-coverage ] fee is off #swap #swapExact0For1 second swap in block with no tick movement 1`] = `113379`;

exports[`OperaPool gas tests [ @skip-on-coverage ] fee is off #swap #swapExact0For1 second swap in block, large swap crossing a single initialized tick 1`] = `129108`;

exports[`OperaPool gas tests [ @skip-on-coverage ] fee is off #swap #swapExact0For1 second swap in block, large swap crossing several initialized ticks 1`] = `163323`;

exports[`OperaPool gas tests [ @skip-on-coverage ] fee is off #swap #swapExact0For1 several large swaps with pauses 1`] = `225813`;

exports[`OperaPool gas tests [ @skip-on-coverage ] fee is off #swap #swapExact0For1 small swap after several large swaps with pauses 1`] = `156549`;

exports[`OperaPool gas tests [ @skip-on-coverage ] fee is off #swap #swapExact1For0 first swap in block moves tick, no initialized crossings 1`] = `149009`;

exports[`OperaPool gas tests [ @skip-on-coverage ] fee is off #swap #swapExact1For0 first swap in block with no tick movement 1`] = `148957`;

exports[`OperaPool gas tests [ @skip-on-coverage ] fee is off #swap #swapExact1For0 second swap in block with no tick movement 1`] = `113440`;

exports[`OperaPool gas tests [ @skip-on-coverage ] fee is off #swap farming connected first swap in block moves tick, no initialized crossings 1`] = `180214`;

exports[`OperaPool gas tests [ @skip-on-coverage ] fee is off #swap farming connected first swap in block with no tick movement 1`] = `180162`;

exports[`OperaPool gas tests [ @skip-on-coverage ] fee is off #swap farming connected second swap in block with no tick movement 1`] = `127545`;

exports[`OperaPool gas tests [ @skip-on-coverage ] fee is on #swap #swapExact0For1 first swap in block moves tick, no initialized crossings 1`] = `156771`;

exports[`OperaPool gas tests [ @skip-on-coverage ] fee is on #swap #swapExact0For1 first swap in block with no tick movement 1`] = `156740`;

exports[`OperaPool gas tests [ @skip-on-coverage ] fee is on #swap #swapExact0For1 first swap in block with no tick movement, static fee 1`] = `149881`;

exports[`OperaPool gas tests [ @skip-on-coverage ] fee is on #swap #swapExact0For1 first swap in block, large swap crossing a single initialized tick 1`] = `173516`;

exports[`OperaPool gas tests [ @skip-on-coverage ] fee is on #swap #swapExact0For1 first swap in block, large swap crossing several initialized ticks 1`] = `207621`;

exports[`OperaPool gas tests [ @skip-on-coverage ] fee is on #swap #swapExact0For1 first swap in block, large swap, no initialized crossings 1`] = `156838`;

exports[`OperaPool gas tests [ @skip-on-coverage ] fee is on #swap #swapExact0For1 large swap crossing several initialized ticks after some time passes 1`] = `207621`;

exports[`OperaPool gas tests [ @skip-on-coverage ] fee is on #swap #swapExact0For1 large swap crossing several initialized ticks second time after some time passes 1`] = `226821`;

exports[`OperaPool gas tests [ @skip-on-coverage ] fee is on #swap #swapExact0For1 second swap in block moves tick, no initialized crossings 1`] = `121238`;

exports[`OperaPool gas tests [ @skip-on-coverage ] fee is on #swap #swapExact0For1 second swap in block with no tick movement 1`] = `121202`;

exports[`OperaPool gas tests [ @skip-on-coverage ] fee is on #swap #swapExact0For1 second swap in block, large swap crossing a single initialized tick 1`] = `137168`;

exports[`OperaPool gas tests [ @skip-on-coverage ] fee is on #swap #swapExact0For1 second swap in block, large swap crossing several initialized ticks 1`] = `172094`;

exports[`OperaPool gas tests [ @skip-on-coverage ] fee is on #swap #swapExact0For1 several large swaps with pauses 1`] = `234584`;

exports[`OperaPool gas tests [ @skip-on-coverage ] fee is on #swap #swapExact0For1 small swap after several large swaps with pauses 1`] = `156786`;

exports[`OperaPool gas tests [ @skip-on-coverage ] fee is on #swap #swapExact1For0 first swap in block moves tick, no initialized crossings 1`] = `156832`;

exports[`OperaPool gas tests [ @skip-on-coverage ] fee is on #swap #swapExact1For0 first swap in block with no tick movement 1`] = `156780`;

exports[`OperaPool gas tests [ @skip-on-coverage ] fee is on #swap #swapExact1For0 second swap in block with no tick movement 1`] = `121263`;

exports[`OperaPool gas tests [ @skip-on-coverage ] fee is on #swap farming connected first swap in block moves tick, no initialized crossings 1`] = `188037`;

exports[`OperaPool gas tests [ @skip-on-coverage ] fee is on #swap farming connected first swap in block with no tick movement 1`] = `187985`;

exports[`OperaPool gas tests [ @skip-on-coverage ] fee is on #swap farming connected second swap in block with no tick movement 1`] = `135368`;
