// Jest Snapshot v1, https://goo.gl/fbAQLP

exports[`OperaPool gas tests [ @skip-on-coverage ] #setFee by owner 1`] = `35403`;

exports[`OperaPool gas tests [ @skip-on-coverage ] #setFee by plugin 1`] = `29954`;

exports[`OperaPool gas tests [ @skip-on-coverage ] fee is off #burn above current price burn entire position after some time passes 1`] = `115300`;

exports[`OperaPool gas tests [ @skip-on-coverage ] fee is off #burn above current price burn when only position using ticks 1`] = `115300`;

exports[`OperaPool gas tests [ @skip-on-coverage ] fee is off #burn above current price entire position burn but other positions are using the ticks 1`] = `108651`;

exports[`OperaPool gas tests [ @skip-on-coverage ] fee is off #burn above current price partial position burn 1`] = `113451`;

exports[`OperaPool gas tests [ @skip-on-coverage ] fee is off #burn around current price burn entire position after some time passes 1`] = `125180`;

exports[`OperaPool gas tests [ @skip-on-coverage ] fee is off #burn around current price burn when only position using ticks 1`] = `125180`;

exports[`OperaPool gas tests [ @skip-on-coverage ] fee is off #burn around current price entire position burn but other positions are using the ticks 1`] = `113059`;

exports[`OperaPool gas tests [ @skip-on-coverage ] fee is off #burn around current price partial position burn 1`] = `117859`;

exports[`OperaPool gas tests [ @skip-on-coverage ] fee is off #burn below current price burn entire position after some time passes 1`] = `124737`;

exports[`OperaPool gas tests [ @skip-on-coverage ] fee is off #burn below current price burn when only position using ticks 1`] = `124737`;

exports[`OperaPool gas tests [ @skip-on-coverage ] fee is off #burn below current price entire position burn but other positions are using the ticks 1`] = `109313`;

exports[`OperaPool gas tests [ @skip-on-coverage ] fee is off #burn below current price partial position burn 1`] = `114113`;

exports[`OperaPool gas tests [ @skip-on-coverage ] fee is off #collect close to worst case 1`] = `52569`;

exports[`OperaPool gas tests [ @skip-on-coverage ] fee is off #collect close to worst case, two tokens 1`] = `70336`;

exports[`OperaPool gas tests [ @skip-on-coverage ] fee is off #mint above current price add to position after some time passes 1`] = `126330`;

exports[`OperaPool gas tests [ @skip-on-coverage ] fee is off #mint above current price add to position existing 1`] = `126330`;

exports[`OperaPool gas tests [ @skip-on-coverage ] fee is off #mint above current price new position mint first in range 1`] = `280193`;

exports[`OperaPool gas tests [ @skip-on-coverage ] fee is off #mint above current price second position in same range 1`] = `143430`;

exports[`OperaPool gas tests [ @skip-on-coverage ] fee is off #mint around current price add to position after some time passes 1`] = `151483`;

exports[`OperaPool gas tests [ @skip-on-coverage ] fee is off #mint around current price add to position existing 1`] = `151483`;

exports[`OperaPool gas tests [ @skip-on-coverage ] fee is off #mint around current price new position mint first in range 1`] = `358391`;

exports[`OperaPool gas tests [ @skip-on-coverage ] fee is off #mint around current price second position in same range 1`] = `168583`;

exports[`OperaPool gas tests [ @skip-on-coverage ] fee is off #mint below current price add to position after some time passes 1`] = `126899`;

exports[`OperaPool gas tests [ @skip-on-coverage ] fee is off #mint below current price add to position existing 1`] = `126899`;

exports[`OperaPool gas tests [ @skip-on-coverage ] fee is off #mint below current price new position mint first in range 1`] = `354539`;

exports[`OperaPool gas tests [ @skip-on-coverage ] fee is off #mint below current price second position in same range 1`] = `143999`;

exports[`OperaPool gas tests [ @skip-on-coverage ] fee is off #poke best case 1`] = `61505`;

exports[`OperaPool gas tests [ @skip-on-coverage ] fee is off #swapExact0For1 first swap in block moves tick, no initialized crossings 1`] = `102786`;

exports[`OperaPool gas tests [ @skip-on-coverage ] fee is off #swapExact0For1 first swap in block with no tick movement 1`] = `102755`;

exports[`OperaPool gas tests [ @skip-on-coverage ] fee is off #swapExact0For1 first swap in block, large swap crossing a single initialized tick 1`] = `118479`;

exports[`OperaPool gas tests [ @skip-on-coverage ] fee is off #swapExact0For1 first swap in block, large swap crossing several initialized ticks 1`] = `151837`;

exports[`OperaPool gas tests [ @skip-on-coverage ] fee is off #swapExact0For1 first swap in block, large swap, no initialized crossings 1`] = `102924`;

exports[`OperaPool gas tests [ @skip-on-coverage ] fee is off #swapExact0For1 large swap crossing several initialized ticks after some time passes 1`] = `151837`;

exports[`OperaPool gas tests [ @skip-on-coverage ] fee is off #swapExact0For1 large swap crossing several initialized ticks second time after some time passes 1`] = `171037`;

exports[`OperaPool gas tests [ @skip-on-coverage ] fee is off #swapExact0For1 second swap in block moves tick, no initialized crossings 1`] = `102786`;

exports[`OperaPool gas tests [ @skip-on-coverage ] fee is off #swapExact0For1 second swap in block with no tick movement 1`] = `102750`;

exports[`OperaPool gas tests [ @skip-on-coverage ] fee is off #swapExact0For1 second swap in block, large swap crossing a single initialized tick 1`] = `119303`;

exports[`OperaPool gas tests [ @skip-on-coverage ] fee is off #swapExact0For1 second swap in block, large swap crossing several initialized ticks 1`] = `152688`;

exports[`OperaPool gas tests [ @skip-on-coverage ] fee is off #swapExact0For1 several large swaps with pauses 1`] = `171037`;

exports[`OperaPool gas tests [ @skip-on-coverage ] fee is off #swapExact0For1 small swap after several large swaps with pauses 1`] = `102624`;

exports[`OperaPool gas tests [ @skip-on-coverage ] fee is off #swapExact0For1 small swap with filled dataStorage 1`] = `102620`;

exports[`OperaPool gas tests [ @skip-on-coverage ] fee is off #swapExact1For0 first swap in block moves tick, no initialized crossings 1`] = `102847`;

exports[`OperaPool gas tests [ @skip-on-coverage ] fee is off #swapExact1For0 first swap in block with no tick movement 1`] = `102795`;

exports[`OperaPool gas tests [ @skip-on-coverage ] fee is off #swapExact1For0 second swap in block with no tick movement 1`] = `102811`;

exports[`OperaPool gas tests [ @skip-on-coverage ] fee is on #burn above current price burn entire position after some time passes 1`] = `115300`;

exports[`OperaPool gas tests [ @skip-on-coverage ] fee is on #burn above current price burn when only position using ticks 1`] = `115300`;

exports[`OperaPool gas tests [ @skip-on-coverage ] fee is on #burn above current price entire position burn but other positions are using the ticks 1`] = `108651`;

exports[`OperaPool gas tests [ @skip-on-coverage ] fee is on #burn above current price partial position burn 1`] = `113451`;

exports[`OperaPool gas tests [ @skip-on-coverage ] fee is on #burn around current price burn entire position after some time passes 1`] = `125180`;

exports[`OperaPool gas tests [ @skip-on-coverage ] fee is on #burn around current price burn when only position using ticks 1`] = `125180`;

exports[`OperaPool gas tests [ @skip-on-coverage ] fee is on #burn around current price entire position burn but other positions are using the ticks 1`] = `113059`;

exports[`OperaPool gas tests [ @skip-on-coverage ] fee is on #burn around current price partial position burn 1`] = `117859`;

exports[`OperaPool gas tests [ @skip-on-coverage ] fee is on #burn below current price burn entire position after some time passes 1`] = `124737`;

exports[`OperaPool gas tests [ @skip-on-coverage ] fee is on #burn below current price burn when only position using ticks 1`] = `124737`;

exports[`OperaPool gas tests [ @skip-on-coverage ] fee is on #burn below current price entire position burn but other positions are using the ticks 1`] = `109313`;

exports[`OperaPool gas tests [ @skip-on-coverage ] fee is on #burn below current price partial position burn 1`] = `114113`;

exports[`OperaPool gas tests [ @skip-on-coverage ] fee is on #collect close to worst case 1`] = `52569`;

exports[`OperaPool gas tests [ @skip-on-coverage ] fee is on #collect close to worst case, two tokens 1`] = `70336`;

exports[`OperaPool gas tests [ @skip-on-coverage ] fee is on #mint above current price add to position after some time passes 1`] = `126330`;

exports[`OperaPool gas tests [ @skip-on-coverage ] fee is on #mint above current price add to position existing 1`] = `126330`;

exports[`OperaPool gas tests [ @skip-on-coverage ] fee is on #mint above current price new position mint first in range 1`] = `280193`;

exports[`OperaPool gas tests [ @skip-on-coverage ] fee is on #mint above current price second position in same range 1`] = `143430`;

exports[`OperaPool gas tests [ @skip-on-coverage ] fee is on #mint around current price add to position after some time passes 1`] = `151483`;

exports[`OperaPool gas tests [ @skip-on-coverage ] fee is on #mint around current price add to position existing 1`] = `151483`;

exports[`OperaPool gas tests [ @skip-on-coverage ] fee is on #mint around current price new position mint first in range 1`] = `358391`;

exports[`OperaPool gas tests [ @skip-on-coverage ] fee is on #mint around current price second position in same range 1`] = `168583`;

exports[`OperaPool gas tests [ @skip-on-coverage ] fee is on #mint below current price add to position after some time passes 1`] = `126899`;

exports[`OperaPool gas tests [ @skip-on-coverage ] fee is on #mint below current price add to position existing 1`] = `126899`;

exports[`OperaPool gas tests [ @skip-on-coverage ] fee is on #mint below current price new position mint first in range 1`] = `354539`;

exports[`OperaPool gas tests [ @skip-on-coverage ] fee is on #mint below current price second position in same range 1`] = `143999`;

exports[`OperaPool gas tests [ @skip-on-coverage ] fee is on #poke best case 1`] = `61505`;

exports[`OperaPool gas tests [ @skip-on-coverage ] fee is on #swapExact0For1 first swap in block moves tick, no initialized crossings 1`] = `110609`;

exports[`OperaPool gas tests [ @skip-on-coverage ] fee is on #swapExact0For1 first swap in block with no tick movement 1`] = `102992`;

exports[`OperaPool gas tests [ @skip-on-coverage ] fee is on #swapExact0For1 first swap in block, large swap crossing a single initialized tick 1`] = `126539`;

exports[`OperaPool gas tests [ @skip-on-coverage ] fee is on #swapExact0For1 first swap in block, large swap crossing several initialized ticks 1`] = `160608`;

exports[`OperaPool gas tests [ @skip-on-coverage ] fee is on #swapExact0For1 first swap in block, large swap, no initialized crossings 1`] = `110747`;

exports[`OperaPool gas tests [ @skip-on-coverage ] fee is on #swapExact0For1 large swap crossing several initialized ticks after some time passes 1`] = `160608`;

exports[`OperaPool gas tests [ @skip-on-coverage ] fee is on #swapExact0For1 large swap crossing several initialized ticks second time after some time passes 1`] = `179808`;

exports[`OperaPool gas tests [ @skip-on-coverage ] fee is on #swapExact0For1 second swap in block moves tick, no initialized crossings 1`] = `110609`;

exports[`OperaPool gas tests [ @skip-on-coverage ] fee is on #swapExact0For1 second swap in block with no tick movement 1`] = `102987`;

exports[`OperaPool gas tests [ @skip-on-coverage ] fee is on #swapExact0For1 second swap in block, large swap crossing a single initialized tick 1`] = `127363`;

exports[`OperaPool gas tests [ @skip-on-coverage ] fee is on #swapExact0For1 second swap in block, large swap crossing several initialized ticks 1`] = `161459`;

exports[`OperaPool gas tests [ @skip-on-coverage ] fee is on #swapExact0For1 several large swaps with pauses 1`] = `179808`;

exports[`OperaPool gas tests [ @skip-on-coverage ] fee is on #swapExact0For1 small swap after several large swaps with pauses 1`] = `102861`;

exports[`OperaPool gas tests [ @skip-on-coverage ] fee is on #swapExact0For1 small swap with filled dataStorage 1`] = `102857`;

exports[`OperaPool gas tests [ @skip-on-coverage ] fee is on #swapExact1For0 first swap in block moves tick, no initialized crossings 1`] = `110670`;

exports[`OperaPool gas tests [ @skip-on-coverage ] fee is on #swapExact1For0 first swap in block with no tick movement 1`] = `103032`;

exports[`OperaPool gas tests [ @skip-on-coverage ] fee is on #swapExact1For0 second swap in block with no tick movement 1`] = `103048`;
