// Jest Snapshot v1, https://goo.gl/fbAQLP

exports[`NonfungiblePositionManager #burn gas [ @skip-on-coverage ] 1`] = `62302`;

exports[`NonfungiblePositionManager #collect gas transfers both [ @skip-on-coverage ] 1`] = `123658`;

exports[`NonfungiblePositionManager #collect gas transfers token0 only [ @skip-on-coverage ] 1`] = `120002`;

exports[`NonfungiblePositionManager #collect gas transfers token1 only [ @skip-on-coverage ] 1`] = `120193`;

exports[`NonfungiblePositionManager #createAndInitializePoolIfNecessary gas [ @skip-on-coverage ] 1`] = `5263839`;

exports[`NonfungiblePositionManager #decreaseLiquidity gas complete decrease [ @skip-on-coverage ] 1`] = `169445`;

exports[`NonfungiblePositionManager #decreaseLiquidity gas partial decrease [ @skip-on-coverage ] 1`] = `174001`;

exports[`NonfungiblePositionManager #increaseLiquidity gas [ @skip-on-coverage ] 1`] = `180336`;

exports[`NonfungiblePositionManager #mint gas first mint for pool [ @skip-on-coverage ] 1`] = `632773`;

exports[`NonfungiblePositionManager #mint gas first mint for pool using eth with non-zero refund [ @skip-on-coverage ] 1`] = `647136`;

exports[`NonfungiblePositionManager #mint gas first mint for pool using eth with zero refund [ @skip-on-coverage ] 1`] = `639969`;

exports[`NonfungiblePositionManager #mint gas mint for same pool, different ticks [ @skip-on-coverage ] 1`] = `438473`;

exports[`NonfungiblePositionManager #mint gas mint on same ticks [ @skip-on-coverage ] 1`] = `328331`;

exports[`NonfungiblePositionManager #permit owned by eoa gas [ @skip-on-coverage ] 1`] = `60014`;

exports[`NonfungiblePositionManager #permit owned by verifying contract gas [ @skip-on-coverage ] 1`] = `63880`;

exports[`NonfungiblePositionManager #transferFrom gas [ @skip-on-coverage ] 1`] = `86323`;

exports[`NonfungiblePositionManager #transferFrom gas comes from approved [ @skip-on-coverage ] 1`] = `87247`;

exports[`NonfungiblePositionManager bytecode size [ @skip-on-coverage ] 1`] = `21884`;

exports[`NonfungiblePositionManager multicall exit gas [ @skip-on-coverage ] 1`] = `245031`;
