// Jest Snapshot v1, https://goo.gl/fbAQLP

exports[`PositionValue #fees when price is above the position range gas 1`] = `51801`;

exports[`PositionValue #fees when price is below the position range gas 1`] = `51867`;

exports[`PositionValue #fees when price is within the position range gas 1`] = `57326`;

exports[`PositionValue #principal gas 1`] = `26316`;

exports[`PositionValue #total gas 1`] = `60417`;
