// Jest Snapshot v1, https://goo.gl/fbAQLP

exports[`QuoterV2 quotes #quoteExactInputSingle gas [ @skip-on-coverage ] 0 -> 2 1`] = `156167`;

exports[`QuoterV2 quotes #quoteExactInputSingle gas [ @skip-on-coverage ] 2 -> 0 1`] = `156109`;

exports[`QuoterV2 quotes #quoteExactOutput gas [ @skip-on-coverage ] 0 -> 2 -> 1 1`] = `247457`;

exports[`QuoterV2 quotes #quoteExactOutput gas [ @skip-on-coverage ] 0 -> 2 cross 0 tick starting tick initialized 1`] = `105794`;

exports[`QuoterV2 quotes #quoteExactOutput gas [ @skip-on-coverage ] 0 -> 2 cross 0 tick starting tick not initialized 1`] = `90526`;

exports[`QuoterV2 quotes #quoteExactOutput gas [ @skip-on-coverage ] 0 -> 2 cross 1 tick 1`] = `125890`;

exports[`QuoterV2 quotes #quoteExactOutput gas [ @skip-on-coverage ] 0 -> 2 cross 2 tick 1`] = `156059`;

exports[`QuoterV2 quotes #quoteExactOutput gas [ @skip-on-coverage ] 0 -> 2 cross 2 where tick after is initialized 1`] = `125899`;

exports[`QuoterV2 quotes #quoteExactOutput gas [ @skip-on-coverage ] 2 -> 0 cross 1 tick 1`] = `126227`;

exports[`QuoterV2 quotes #quoteExactOutput gas [ @skip-on-coverage ] 2 -> 0 cross 2 ticks 1`] = `156670`;

exports[`QuoterV2 quotes #quoteExactOutput gas [ @skip-on-coverage ] 2 -> 0 cross 2 where tick after is initialized 1`] = `156674`;

exports[`QuoterV2 quotes #quoteExactOutput gas [ @skip-on-coverage ] 2 -> 1 1`] = `91417`;

exports[`QuoterV2 quotes #quoteExactOutputSingle gas [ @skip-on-coverage ] 0 -> 1 1`] = `91513`;

exports[`QuoterV2 quotes #quoteExactOutputSingle gas [ @skip-on-coverage ] 1 -> 0 1`] = `91530`;
